COMMAND node scripts/check-openapi.mjs
{"status":"ok","version":"1.0.0","pathCount":27,"operationCount":34}
COMMAND python -m openapi_spec_validator docs/backend/partie-1/openapi.v1.json
docs/backend/partie-1/openapi.v1.json: OK
COMMAND node --test scripts/check-dependencies.test.mjs
✔ an active vulnerable package is refused (1.6652ms)
✔ a locked but inactive advisory is classified without claiming cargo audit passed (0.2076ms)
✔ malformed audit JSON fails closed (0.2576ms)
✔ a missing Cargo resolution graph fails closed (0.1008ms)
✔ unparseable cargo tree output fails closed (0.1584ms)
✔ audit command failure fails closed even with a valid no-finding JSON document (0.1124ms)
✔ the public summary does not copy local workspace paths (0.1042ms)
ℹ tests 7
ℹ suites 0
ℹ pass 7
ℹ fail 0
ℹ cancelled 0
ℹ skipped 0
ℹ todo 0
ℹ duration_ms 69.2997
COMMAND node --check scripts/verify-p1.mjs
