
COMMAND cargo clean -p kyro-api -p kyro-domain -p kyro-gateway -p kyro-store -p kyro-worker
info: syncing channel updates for 1.96.1-x86_64-unknown-linux-gnu
info: latest update on 2026-06-30 for version 1.96.1 (31fca3adb 2026-06-26)
info: downloading component clippy
     Removed 4857 files, 2.6GiB total

COMMAND cargo run --locked -p kyro-store --bin kyro-migrate
info: syncing channel updates for 1.96.1-x86_64-unknown-linux-gnu
info: latest update on 2026-06-30 for version 1.96.1 (31fca3adb 2026-06-26)
info: downloading component clippy
   Compiling kyro-domain v0.1.0 (/workspace/crates/kyro-domain)
   Compiling kyro-store v0.1.0 (/workspace/crates/kyro-store)
    Finished `dev` profile [unoptimized + debuginfo] target(s) in 6.28s
     Running `/build/debug/kyro-migrate`
migrations are up to date

COMMAND cargo test --locked -p kyro-api session_and_csrf_cookies_have_distinct_browser_access -- --include-ignored
info: syncing channel updates for 1.96.1-x86_64-unknown-linux-gnu
info: latest update on 2026-06-30 for version 1.96.1 (31fca3adb 2026-06-26)
info: downloading component clippy
   Compiling kyro-domain v0.1.0 (/workspace/crates/kyro-domain)
   Compiling kyro-gateway v0.1.0 (/workspace/crates/kyro-gateway)
   Compiling kyro-store v0.1.0 (/workspace/crates/kyro-store)
   Compiling kyro-api v0.1.0 (/workspace/crates/kyro-api)
error[E0433]: cannot find type `Duration` in this scope
   --> crates/kyro-api/src/lib.rs:547:49
    |
547 |             let rejected = tokio::time::timeout(Duration::from_secs(1), request.send())
    |                                                 ^^^^^^^^ use of undeclared type `Duration`
    |
help: consider importing this struct
    |
430 +     use std::time::Duration;
    |

For more information about this error, try `rustc --explain E0433`.
error: could not compile `kyro-api` (lib test) due to 1 previous error
warning: build failed, waiting for other jobs to finish...

COMMAND cargo test --locked -p kyro-api liveness_survives_saturation -- --include-ignored
info: syncing channel updates for 1.96.1-x86_64-unknown-linux-gnu
info: latest update on 2026-06-30 for version 1.96.1 (31fca3adb 2026-06-26)
info: downloading component clippy
   Compiling kyro-api v0.1.0 (/workspace/crates/kyro-api)
error[E0433]: cannot find type `Duration` in this scope
   --> crates/kyro-api/src/lib.rs:547:49
    |
547 |             let rejected = tokio::time::timeout(Duration::from_secs(1), request.send())
    |                                                 ^^^^^^^^ use of undeclared type `Duration`
    |
help: consider importing this struct
    |
430 +     use std::time::Duration;
    |

For more information about this error, try `rustc --explain E0433`.
error: could not compile `kyro-api` (lib test) due to 1 previous error
warning: build failed, waiting for other jobs to finish...

COMMAND cargo test --locked -p kyro-gateway cloud_registry_accepts_public_neighbors --
info: syncing channel updates for 1.96.1-x86_64-unknown-linux-gnu
info: latest update on 2026-06-30 for version 1.96.1 (31fca3adb 2026-06-26)
info: downloading component clippy
   Compiling kyro-domain v0.1.0 (/workspace/crates/kyro-domain)
   Compiling kyro-gateway v0.1.0 (/workspace/crates/kyro-gateway)
    Finished `test` profile [unoptimized + debuginfo] target(s) in 2.77s
     Running unittests src/lib.rs (/build/debug/deps/kyro_gateway-222f9c68fa3f655f)

running 0 tests

test result: ok. 0 passed; 0 failed; 0 ignored; 0 measured; 1 filtered out; finished in 0.00s

     Running tests/admission.rs (/build/debug/deps/admission-abbbafc0670fa084)

running 0 tests

test result: ok. 0 passed; 0 failed; 0 ignored; 0 measured; 1 filtered out; finished in 0.00s

     Running tests/config.rs (/build/debug/deps/config-7073413a7550ca34)

running 1 test
test cloud_registry_accepts_public_neighbors_but_rejects_special_purpose_pins ... FAILED

failures:

---- cloud_registry_accepts_public_neighbors_but_rejects_special_purpose_pins stdout ----

thread 'cloud_registry_accepts_public_neighbors_but_rejects_special_purpose_pins' (809) panicked at crates/kyro-gateway/tests/config.rs:131:9:
assertion `left == right` failed: pin 192.0.1.10:443
  left: false
 right: true
note: run with `RUST_BACKTRACE=1` environment variable to display a backtrace


failures:
    cloud_registry_accepts_public_neighbors_but_rejects_special_purpose_pins

test result: FAILED. 0 passed; 1 failed; 0 ignored; 0 measured; 4 filtered out; finished in 0.00s

error: test failed, to rerun pass `-p kyro-gateway --test config`

COMMAND cargo test --locked -p kyro-store postgres_model_queue_admission_does_not_require_write -- --include-ignored
info: syncing channel updates for 1.96.1-x86_64-unknown-linux-gnu
info: latest update on 2026-06-30 for version 1.96.1 (31fca3adb 2026-06-26)
info: downloading component clippy
   Compiling kyro-store v0.1.0 (/workspace/crates/kyro-store)
    Finished `test` profile [unoptimized + debuginfo] target(s) in 2.62s
     Running unittests src/lib.rs (/build/debug/deps/kyro_store-075c278330b2252a)

running 0 tests

test result: ok. 0 passed; 0 failed; 0 ignored; 0 measured; 2 filtered out; finished in 0.00s

     Running unittests src/bin/kyro-migrate.rs (/build/debug/deps/kyro_migrate-239cd7b023e131bb)

running 0 tests

test result: ok. 0 passed; 0 failed; 0 ignored; 0 measured; 1 filtered out; finished in 0.00s

     Running tests/projects.rs (/build/debug/deps/projects-d5b67762d8c5fc9a)

running 0 tests

test result: ok. 0 passed; 0 failed; 0 ignored; 0 measured; 3 filtered out; finished in 0.00s

     Running tests/queue.rs (/build/debug/deps/queue-0548c2bd59a1d39c)

running 1 test
test postgres_model_queue_admission_does_not_require_write_and_enforces_input_limit ... FAILED

failures:

---- postgres_model_queue_admission_does_not_require_write_and_enforces_input_limit stdout ----

thread 'postgres_model_queue_admission_does_not_require_write_and_enforces_input_limit' (780) panicked at crates/kyro-store/tests/queue.rs:585:5:
assertion failed: public.get("fingerprint").is_none()
note: run with `RUST_BACKTRACE=1` environment variable to display a backtrace


failures:
    postgres_model_queue_admission_does_not_require_write_and_enforces_input_limit

test result: FAILED. 0 passed; 1 failed; 0 ignored; 0 measured; 2 filtered out; finished in 0.69s

error: test failed, to rerun pass `-p kyro-store --test queue`
OpenAPI check failed: DataPolicy must never allow secret inputs
