info: syncing channel updates for 1.96.1-x86_64-unknown-linux-gnu
info: latest update on 2026-06-30 for version 1.96.1 (31fca3adb 2026-06-26)
info: downloading component clippy
    Finished `dev` profile [unoptimized + debuginfo] target(s) in 0.65s
    Finished `dev` profile [unoptimized + debuginfo] target(s) in 0.25s
     Running `/build/debug/kyro-migrate`
migrations are up to date
   Compiling kyro-gateway v0.1.0 (/workspace/crates/kyro-gateway)
   Compiling kyro-api v0.1.0 (/workspace/crates/kyro-api)
   Compiling kyro-worker v0.1.0 (/workspace/crates/kyro-worker)
warning: unused variable: `other`
   --> crates/kyro-store/tests/projects.rs:559:9
    |
559 |     let other = store
    |         ^^^^^ help: if this is intentional, prefix it with an underscore: `_other`
    |
    = note: `#[warn(unused_variables)]` (part of `#[warn(unused)]`) on by default

warning: `kyro-store` (test "projects") generated 1 warning (run `cargo fix --test "projects" -p kyro-store` to apply 1 suggestion)
error[E0432]: unresolved import `kyro_store::projects::ProjectCursor`
  --> crates/kyro-api/src/projects.rs:15:72
   |
15 |     AddDecisionInput, ApplyChangesResult, CreateProjectInput, Project, ProjectCursor,
   |                                                                        ^^^^^^^^^^^^^ no `ProjectCursor` in `projects`

error[E0061]: this method takes 1 argument but 3 arguments were supplied
  --> crates/kyro-api/src/projects.rs:76:10
   |
76 |         .list_projects(actor.actor_id, query.limit.unwrap_or(1000), before)
   |          ^^^^^^^^^^^^^                 ---------------------------  ------ unexpected argument #3
   |                                        |
   |                                        unexpected argument #2 of type `u16`
   |
note: method defined here
  --> crates/kyro-store/src/projects.rs:144:17
help: remove the extra arguments
   |
76 -         .list_projects(actor.actor_id, query.limit.unwrap_or(1000), before)
76 +         .list_projects(actor.actor_id)
   |

error[E0609]: no field `next_cursor` on type `Vec<Project>`
  --> crates/kyro-api/src/projects.rs:80:32
   |
80 |     if let Some(cursor) = page.next_cursor {
   |                                ^^^^^^^^^^^ unknown field

error[E0609]: no field `items` on type `Vec<Project>`
  --> crates/kyro-api/src/projects.rs:88:28
   |
88 |     Ok((headers, Json(page.items)))
   |                            ^^^^^ unknown field

Some errors have detailed explanations: E0061, E0432, E0609.
For more information about an error, try `rustc --explain E0061`.
error: could not compile `kyro-api` (lib) due to 4 previous errors
warning: build failed, waiting for other jobs to finish...
error: could not compile `kyro-api` (lib test) due to 4 previous errors
