info: syncing channel updates for 1.96.1-x86_64-unknown-linux-gnu
info: latest update on 2026-06-30 for version 1.96.1 (31fca3adb 2026-06-26)
info: downloading component clippy
   Compiling kyro-domain v0.1.0 (/workspace/crates/kyro-domain)
   Compiling kyro-store v0.1.0 (/workspace/crates/kyro-store)
    Finished `dev` profile [unoptimized + debuginfo] target(s) in 2.59s
     Running `/build/debug/kyro-migrate`
migrations are up to date
   Compiling kyro-domain v0.1.0 (/workspace/crates/kyro-domain)
   Compiling kyro-store v0.1.0 (/workspace/crates/kyro-store)
   Compiling kyro-gateway v0.1.0 (/workspace/crates/kyro-gateway)
   Compiling kyro-api v0.1.0 (/workspace/crates/kyro-api)
   Compiling kyro-worker v0.1.0 (/workspace/crates/kyro-worker)
warning: unused variable: `other`
   --> crates/kyro-store/tests/projects.rs:559:9
    |
559 |     let other = store
    |         ^^^^^ help: if this is intentional, prefix it with an underscore: `_other`
    |
    = note: `#[warn(unused_variables)]` (part of `#[warn(unused)]`) on by default

warning: `kyro-store` (test "projects") generated 1 warning (run `cargo fix --test "projects" -p kyro-store` to apply 1 suggestion)
    Finished `test` profile [unoptimized + debuginfo] target(s) in 6.80s
     Running unittests src/lib.rs (/build/debug/deps/kyro_api-70e48b786b9d813d)

running 25 tests
test error::tests::budget_precondition_requires_one_strong_nonnegative_budget_tag ... ok
test error::tests::revision_precondition_requires_one_strong_nonnegative_revision_tag ... ok
test error::tests::invalid_domain_details_never_appear_in_the_http_error_body ... ok
test error::tests::typed_domain_errors_map_to_stable_statuses_without_using_their_text ... ok
test events::tests::header_and_query_cursors_must_match ... ok
test events::tests::initial_cursor_uses_atomic_physical_bounds_and_global_sequence ... ok
test events::tests::physical_bounds_detect_pruned_prefix_and_entire_history ... ok
test events::tests::cursor_is_project_scoped_and_parses_nonnegative_sequence ... ok
test events::tests::snapshot_and_hidden_only_sequences_are_valid_cursors ... ok
test events::tests::visible_event_sequences_may_skip_events_from_other_environments ... ok
test identity::tests::create_grant_request_defaults_limits_and_rejects_unknown_fields ... ok
test identity::tests::opaque_cookies_require_exactly_32_bytes ... ok
test identity::tests::origin_and_csrf_are_checked_on_mutations ... ok
test identity::tests::production_rejects_http_and_synthetic_provider ... ok
test identity::tests::session_and_csrf_cookies_have_distinct_browser_access ... ok
test jobs::tests::job_cursor_rejects_malformed_and_oversized_values_without_echoing_them ... ok
test projects::tests::idempotency_key_requires_one_bounded_header_value ... ok
test jobs::tests::job_cursor_round_trips_in_url_safe_form ... ok
test projects::tests::revision_response_emits_a_strong_revision_tag ... ok
test tests::observability_normalizes_unrecognized_client_methods ... ok
test tests::metrics_route_returns_prometheus_text ... ok
test tests::prometheus_metrics_are_emitted_with_only_bounded_labels ... ok
test tests::cors_allows_only_the_configured_ui_with_credentials_and_bounded_headers ... ok
test tests::liveness_survives_saturation_of_the_ordinary_request_pool ... FAILED
test identity::tests::id_token_validation_rejects_issuer_audience_nonce_and_signature ... ok

failures:

---- tests::liveness_survives_saturation_of_the_ordinary_request_pool stdout ----

thread 'tests::liveness_survives_saturation_of_the_ordinary_request_pool' (3745) panicked at crates/kyro-api/src/lib.rs:509:9:
assertion `left == right` failed
  left: 429
 right: 200
note: run with `RUST_BACKTRACE=1` environment variable to display a backtrace


failures:
    tests::liveness_survives_saturation_of_the_ordinary_request_pool

test result: FAILED. 24 passed; 1 failed; 0 ignored; 0 measured; 0 filtered out; finished in 0.03s

error: test failed, to rerun pass `-p kyro-api --lib`
