info: syncing channel updates for 1.96.1-x86_64-unknown-linux-gnu
info: latest update on 2026-06-30 for version 1.96.1 (31fca3adb 2026-06-26)
info: downloading component clippy
   Compiling kyro-gateway v0.1.0 (/workspace/crates/kyro-gateway)
    Finished `test` profile [unoptimized + debuginfo] target(s) in 1.75s
     Running unittests src/lib.rs (/build/debug/deps/kyro_gateway-222f9c68fa3f655f)

running 1 test
test config::numeric_tests::schema_bounds_preserve_large_signed_unsigned_and_float_written_integers ... FAILED

failures:

---- config::numeric_tests::schema_bounds_preserve_large_signed_unsigned_and_float_written_integers stdout ----

thread 'config::numeric_tests::schema_bounds_preserve_large_signed_unsigned_and_float_written_integers' (683) panicked at crates/kyro-gateway/src/config.rs:866:13:
assertion failed: matches!(validate_schema_instance(&schema, &json!({"n":outside})),
    Err(Error::Invalid(_)))
note: run with `RUST_BACKTRACE=1` environment variable to display a backtrace


failures:
    config::numeric_tests::schema_bounds_preserve_large_signed_unsigned_and_float_written_integers

test result: FAILED. 0 passed; 1 failed; 0 ignored; 0 measured; 0 filtered out; finished in 0.00s

error: test failed, to rerun pass `-p kyro-gateway --lib`
     Running tests/admission.rs (/build/debug/deps/admission-8ee67a323675f9d2)

running 1 test
test admission_without_key_preflights_but_cannot_prepare_or_send ... ok

test result: ok. 1 passed; 0 failed; 0 ignored; 0 measured; 0 filtered out; finished in 0.00s

     Running tests/config.rs (/build/debug/deps/config-005b50b46b79db77)

running 4 tests
test registry_rejects_non_loopback_pins_and_host_confusion ... ok
test admission_registry_is_eligible_without_enabling_execution ... ok
test qualified_keyless_destination_is_admissible_and_enabled_without_a_secret ... ok
test synthetic_registry_requires_development_opt_in_and_server_secret ... ok

test result: ok. 4 passed; 0 failed; 0 ignored; 0 measured; 0 filtered out; finished in 0.00s

     Running tests/mock_http.rs (/build/debug/deps/mock_http-06ea8815f087ca7e)

running 11 tests
test reconciliation_requires_the_registered_schema_and_unchanged_registration ... ok
test missing_key_reuses_a_known_result_without_sending_or_creating_an_intent ... ok
test provider_failure_is_unknown_and_never_retried ... ok
test qualified_keyless_destination_sends_once_without_authorization ... ok
test oversized_provider_body_is_bounded_and_marked_unknown ... ok
test expired_job_deadline_never_opens_a_provider_socket ... FAILED
test stricter_project_response_limit_is_applied_to_provider_body ... ok
test structured_success_is_one_pinned_loopback_request_with_secret_header ... ok
test redirects_are_not_followed ... ok
test remaining_job_deadline_prevents_settling_a_late_provider_response ... FAILED
test lost_response_times_out_to_unknown_without_a_retry ... ok

failures:

---- expired_job_deadline_never_opens_a_provider_socket stdout ----

thread 'expired_job_deadline_never_opens_a_provider_socket' (692) panicked at crates/kyro-gateway/tests/mock_http.rs:245:5:
assertion failed: matches!(gateway.execute_model_effect(&store, context, request()).await,
    Err(Error::Unavailable))
note: run with `RUST_BACKTRACE=1` environment variable to display a backtrace

---- remaining_job_deadline_prevents_settling_a_late_provider_response stdout ----

thread 'remaining_job_deadline_prevents_settling_a_late_provider_response' (700) panicked at crates/kyro-gateway/tests/mock_http.rs:228:5:
assertion `left == right` failed
  left: Succeeded
 right: Unknown


failures:
    expired_job_deadline_never_opens_a_provider_socket
    remaining_job_deadline_prevents_settling_a_late_provider_response

test result: FAILED. 9 passed; 2 failed; 0 ignored; 0 measured; 0 filtered out; finished in 2.00s

error: test failed, to rerun pass `-p kyro-gateway --test mock_http`
   Doc-tests kyro_gateway

running 0 tests

test result: ok. 0 passed; 0 failed; 0 ignored; 0 measured; 0 filtered out; finished in 0.00s

error: 2 targets failed:
    `-p kyro-gateway --lib`
    `-p kyro-gateway --test mock_http`
   Compiling kyro-store v0.1.0 (/workspace/crates/kyro-store)
warning: unused variable: `other`
   --> crates/kyro-store/tests/projects.rs:559:9
    |
559 |     let other = store
    |         ^^^^^ help: if this is intentional, prefix it with an underscore: `_other`
    |
    = note: `#[warn(unused_variables)]` (part of `#[warn(unused)]`) on by default

warning: `kyro-store` (test "projects") generated 1 warning (run `cargo fix --test "projects" -p kyro-store` to apply 1 suggestion)
    Finished `test` profile [unoptimized + debuginfo] target(s) in 2.57s
     Running unittests src/lib.rs (/build/debug/deps/kyro_store-075c278330b2252a)

running 2 tests
test budget::tests::settlement_releases_only_its_hold_for_smaller_equal_and_larger_usage ... ok
test store::tests::postgres_statement_and_lock_timeouts_are_transient_in_all_store_paths ... FAILED

failures:

---- store::tests::postgres_statement_and_lock_timeouts_are_transient_in_all_store_paths stdout ----

thread 'store::tests::postgres_statement_and_lock_timeouts_are_transient_in_all_store_paths' (1415) panicked at crates/kyro-store/src/store.rs:247:17:
assertion failed: matches!(mapper(error), Error::Unavailable)
note: run with `RUST_BACKTRACE=1` environment variable to display a backtrace


failures:
    store::tests::postgres_statement_and_lock_timeouts_are_transient_in_all_store_paths

test result: FAILED. 1 passed; 1 failed; 0 ignored; 0 measured; 0 filtered out; finished in 0.04s

error: test failed, to rerun pass `-p kyro-store --lib`
     Running unittests src/bin/kyro-migrate.rs (/build/debug/deps/kyro_migrate-239cd7b023e131bb)

running 1 test
test tests::migration_pool_preserves_operator_timeouts_and_allows_long_statements ... ok

test result: ok. 1 passed; 0 failed; 0 ignored; 0 measured; 0 filtered out; finished in 5.15s

     Running tests/projects.rs (/build/debug/deps/projects-d5b67762d8c5fc9a)

running 3 tests
test postgres_event_feed_tracks_global_bounds_with_hidden_events_and_purge ... ok
test baseline_project_listing_must_not_silently_truncate ... FAILED
test postgres_projects_enforce_isolation_cas_and_idempotency ... ok

failures:

---- baseline_project_listing_must_not_silently_truncate stdout ----

thread 'baseline_project_listing_must_not_silently_truncate' (1421) panicked at crates/kyro-store/tests/projects.rs:585:5:
assertion `left == right` failed
  left: 1000
 right: 1006
note: run with `RUST_BACKTRACE=1` environment variable to display a backtrace


failures:
    baseline_project_listing_must_not_silently_truncate

test result: FAILED. 2 passed; 1 failed; 0 ignored; 0 measured; 0 filtered out; finished in 0.62s

error: test failed, to rerun pass `-p kyro-store --test projects`
     Running tests/queue.rs (/build/debug/deps/queue-0548c2bd59a1d39c)

running 3 tests
test postgres_named_synthetic_reconciliation_accepts_budget_only_and_rejects_cloud ... FAILED
test postgres_queue_admission_requires_each_grant_to_cover_the_full_demand ... FAILED
test postgres_model_queue_admission_does_not_require_write_and_enforces_input_limit ... ok

failures:

---- postgres_named_synthetic_reconciliation_accepts_budget_only_and_rejects_cloud stdout ----

thread 'postgres_named_synthetic_reconciliation_accepts_budget_only_and_rejects_cloud' (1429) panicked at crates/kyro-store/tests/queue.rs:734:14:
called `Result::unwrap()` on an `Err` value: NotFound
note: run with `RUST_BACKTRACE=1` environment variable to display a backtrace

---- postgres_queue_admission_requires_each_grant_to_cover_the_full_demand stdout ----

thread 'postgres_queue_admission_requires_each_grant_to_cover_the_full_demand' (1430) panicked at crates/kyro-store/tests/queue.rs:201:10:
set KYRO_TEST_WORKER_DATABASE_URL to a disposable kyro_worker database: NotPresent


failures:
    postgres_named_synthetic_reconciliation_accepts_budget_only_and_rejects_cloud
    postgres_queue_admission_requires_each_grant_to_cover_the_full_demand

test result: FAILED. 1 passed; 2 failed; 0 ignored; 0 measured; 0 filtered out; finished in 2.00s

error: test failed, to rerun pass `-p kyro-store --test queue`
   Doc-tests kyro_store

running 0 tests

test result: ok. 0 passed; 0 failed; 0 ignored; 0 measured; 0 filtered out; finished in 0.00s

error: 3 targets failed:
    `-p kyro-store --lib`
    `-p kyro-store --test projects`
    `-p kyro-store --test queue`
